#-----------------------------------------------------------
# Vivado v2019.1 (64-bit)
# SW Build 2552052 on Fri May 24 14:49:42 MDT 2019
# IP Build 2548770 on Fri May 24 18:01:18 MDT 2019
# Start of session at: Wed May 24 06:22:44 2023
# Process ID: 5976
# Current directory: D:/project_coa
# Command line: vivado.exe -gui_launcher_event rodinguilauncherevent1424 D:\project_coa\project_coa.xpr
# Log file: D:/project_coa/vivado.log
# Journal file: D:/project_coa\vivado.jou
#-----------------------------------------------------------
start_gui
open_project D:/project_coa/project_coa.xpr
update_compile_order -fileset sources_1
# Disabling source management mode.  This is to allow the top design properties to be set without GUI intervention.
set_property source_mgmt_mode None [current_project]
set_property top MIPS_ProcessorallUNIT [current_fileset]
# Re-enabling previously disabled source management mode.
set_property source_mgmt_mode All [current_project]
update_compile_order -fileset sources_1
synth_design -rtl -name rtl_1
write_schematic D:/education/itu/4th semester/coa/schematictask03.sch
# Disabling source management mode.  This is to allow the top design properties to be set without GUI intervention.
set_property source_mgmt_mode None [current_project]
set_property top MIPS_Processor_TB [current_fileset]
# Re-enabling previously disabled source management mode.
set_property source_mgmt_mode All [current_project]
update_compile_order -fileset sources_1
update_compile_order -fileset sources_1
close_design
update_compile_order -fileset sources_1
# Disabling source management mode.  This is to allow the top design properties to be set without GUI intervention.
set_property source_mgmt_mode None [current_project]
set_property top MIPSStimulus [current_fileset]
# Re-enabling previously disabled source management mode.
set_property source_mgmt_mode All [current_project]
update_compile_order -fileset sources_1
launch_runs synth_1 -jobs 4
wait_on_run synth_1
launch_simulation
source MIPS_ProcessorallUNIT.tcl
reset_run synth_1
close_sim
launch_simulation
source MIPS_ProcessorallUNIT.tcl
close_sim
launch_simulation
source MIPS_ProcessorallUNIT.tcl
close_sim
launch_simulation
source MIPS_ProcessorallUNIT.tcl
set_property is_enabled false [get_files  D:/project_coa/allunit.v]
close_sim
launch_simulation
source MIPSStimulus.tcl
close_sim
launch_simulation
launch_simulation
source MIPSStimulus.tcl
close_sim
launch_simulation
source MIPSStimulus.tcl
close_sim
launch_simulation
source MIPSStimulus.tcl
set_property is_enabled false [get_files  D:/project_coa/pipelined_register.v]
update_compile_order -fileset sources_1
launch_simulation
close_sim
launch_simulation
source testbench_top_module.tcl
# Disabling source management mode.  This is to allow the top design properties to be set without GUI intervention.
set_property source_mgmt_mode None [current_project]
set_property top mainModule [current_fileset]
# Re-enabling previously disabled source management mode.
set_property source_mgmt_mode All [current_project]
synth_design -rtl -name rtl_1
# Disabling source management mode.  This is to allow the top design properties to be set without GUI intervention.
set_property source_mgmt_mode None [current_project]
set_property top Datapath [current_fileset]
# Re-enabling previously disabled source management mode.
set_property source_mgmt_mode All [current_project]
close_design
synth_design -rtl -name rtl_1
# Disabling source management mode.  This is to allow the top design properties to be set without GUI intervention.
set_property source_mgmt_mode None [current_project]
set_property top ControlUnit [current_fileset]
# Re-enabling previously disabled source management mode.
set_property source_mgmt_mode All [current_project]
update_compile_order -fileset sources_1
close_design
synth_design -rtl -name rtl_1
set_property is_enabled true [get_files  D:/project_coa/pipelined_register.v]
update_compile_order -fileset sources_1
# Disabling source management mode.  This is to allow the top design properties to be set without GUI intervention.
set_property source_mgmt_mode None [current_project]
set_property top MIPSStimulus [current_fileset]
# Re-enabling previously disabled source management mode.
set_property source_mgmt_mode All [current_project]
update_compile_order -fileset sources_1
# Disabling source management mode.  This is to allow the top design properties to be set without GUI intervention.
set_property source_mgmt_mode None [current_project]
set_property top MIPS_Processor [current_fileset]
# Re-enabling previously disabled source management mode.
set_property source_mgmt_mode All [current_project]
close_design
synth_design -rtl -name rtl_1
close_design
set_property is_enabled true [get_files  D:/project_coa/allunit.v]
update_compile_order -fileset sources_1
# Disabling source management mode.  This is to allow the top design properties to be set without GUI intervention.
set_property source_mgmt_mode None [current_project]
set_property top MIPS_ProcessorallUNIT [current_fileset]
# Re-enabling previously disabled source management mode.
set_property source_mgmt_mode All [current_project]
update_compile_order -fileset sources_1
# Disabling source management mode.  This is to allow the top design properties to be set without GUI intervention.
set_property source_mgmt_mode None [current_project]
set_property top MIPS_testbench [current_fileset]
# Re-enabling previously disabled source management mode.
set_property source_mgmt_mode All [current_project]
close_sim
launch_simulation
source testbench_top_module.tcl
close_sim
launch_simulation
source testbench_top_module.tcl
close_sim
